// Jest Snapshot v1, https://goo.gl/fbAQLP

exports[`CARD CONTAINER TESTS matches the snapshot 1`] = `
ShallowWrapper {
  "length": 1,
  Symbol(enzyme.__root__): [Circular],
  Symbol(enzyme.__unrendered__): <CardContainer
    cards={
        Array [
            Object {
              "class": "wheeled",
              "id": 0,
              "model": "Digger Crawler",
              "name": "Sand Crawler",
              "passengers": "30",
            },
            Object {
              "class": "repulsorcraft",
              "id": 1,
              "model": "T-16 skyhopper",
              "name": "T-16 skyhopper",
              "passengers": "1",
            },
          ]
    }
/>,
  Symbol(enzyme.__renderer__): Object {
    "batchedUpdates": [Function],
    "getNode": [Function],
    "render": [Function],
    "simulateEvent": [Function],
    "unmount": [Function],
  },
  Symbol(enzyme.__node__): Object {
    "instance": null,
    "key": undefined,
    "nodeType": "host",
    "props": Object {
      "children": Array [
        <Card
          checkForFaves={undefined}
          info={
                    Object {
                              "class": "wheeled",
                              "id": 0,
                              "model": "Digger Crawler",
                              "name": "Sand Crawler",
                              "passengers": "30",
                            }
          }
/>,
        <Card
          checkForFaves={undefined}
          info={
                    Object {
                              "class": "repulsorcraft",
                              "id": 1,
                              "model": "T-16 skyhopper",
                              "name": "T-16 skyhopper",
                              "passengers": "1",
                            }
          }
/>,
      ],
      "className": "card-container",
    },
    "ref": null,
    "rendered": Array [
      Object {
        "instance": null,
        "key": "0",
        "nodeType": "function",
        "props": Object {
          "checkForFaves": undefined,
          "info": Object {
            "class": "wheeled",
            "id": 0,
            "model": "Digger Crawler",
            "name": "Sand Crawler",
            "passengers": "30",
          },
        },
        "ref": null,
        "rendered": null,
        "type": [Function],
      },
      Object {
        "instance": null,
        "key": "1",
        "nodeType": "function",
        "props": Object {
          "checkForFaves": undefined,
          "info": Object {
            "class": "repulsorcraft",
            "id": 1,
            "model": "T-16 skyhopper",
            "name": "T-16 skyhopper",
            "passengers": "1",
          },
        },
        "ref": null,
        "rendered": null,
        "type": [Function],
      },
    ],
    "type": "div",
  },
  Symbol(enzyme.__nodes__): Array [
    Object {
      "instance": null,
      "key": undefined,
      "nodeType": "host",
      "props": Object {
        "children": Array [
          <Card
            checkForFaves={undefined}
            info={
                        Object {
                                    "class": "wheeled",
                                    "id": 0,
                                    "model": "Digger Crawler",
                                    "name": "Sand Crawler",
                                    "passengers": "30",
                                  }
            }
/>,
          <Card
            checkForFaves={undefined}
            info={
                        Object {
                                    "class": "repulsorcraft",
                                    "id": 1,
                                    "model": "T-16 skyhopper",
                                    "name": "T-16 skyhopper",
                                    "passengers": "1",
                                  }
            }
/>,
        ],
        "className": "card-container",
      },
      "ref": null,
      "rendered": Array [
        Object {
          "instance": null,
          "key": "0",
          "nodeType": "function",
          "props": Object {
            "checkForFaves": undefined,
            "info": Object {
              "class": "wheeled",
              "id": 0,
              "model": "Digger Crawler",
              "name": "Sand Crawler",
              "passengers": "30",
            },
          },
          "ref": null,
          "rendered": null,
          "type": [Function],
        },
        Object {
          "instance": null,
          "key": "1",
          "nodeType": "function",
          "props": Object {
            "checkForFaves": undefined,
            "info": Object {
              "class": "repulsorcraft",
              "id": 1,
              "model": "T-16 skyhopper",
              "name": "T-16 skyhopper",
              "passengers": "1",
            },
          },
          "ref": null,
          "rendered": null,
          "type": [Function],
        },
      ],
      "type": "div",
    },
  ],
  Symbol(enzyme.__options__): Object {
    "adapter": ReactSixteenAdapter {
      "options": Object {
        "enableComponentDidUpdateOnSetState": true,
      },
    },
  },
}
`;
