// Jest Snapshot v1, https://goo.gl/fbAQLP

exports[`HEADER TESTS matches the snapshot 1`] = `
ShallowWrapper {
  "length": 1,
  Symbol(enzyme.__root__): [Circular],
  Symbol(enzyme.__unrendered__): <Header
    favorites={Array []}
    showFaves={[Function]}
/>,
  Symbol(enzyme.__renderer__): Object {
    "batchedUpdates": [Function],
    "getNode": [Function],
    "render": [Function],
    "simulateEvent": [Function],
    "unmount": [Function],
  },
  Symbol(enzyme.__node__): Object {
    "instance": null,
    "key": undefined,
    "nodeType": "host",
    "props": Object {
      "children": Array [
        <img
          alt="Star Wars Logo"
          height="100"
          src="http://1000logos.net/wp-content/uploads/2017/06/Star-Wars-symbol.jpg"
          width="250"
/>,
        <button
          className="show-faves-button"
          onClick={[Function]}
>
          View Favorites 
          0
</button>,
      ],
      "className": "header",
    },
    "ref": null,
    "rendered": Array [
      Object {
        "instance": null,
        "key": undefined,
        "nodeType": "host",
        "props": Object {
          "alt": "Star Wars Logo",
          "height": "100",
          "src": "http://1000logos.net/wp-content/uploads/2017/06/Star-Wars-symbol.jpg",
          "width": "250",
        },
        "ref": null,
        "rendered": null,
        "type": "img",
      },
      Object {
        "instance": null,
        "key": undefined,
        "nodeType": "host",
        "props": Object {
          "children": Array [
            "View Favorites ",
            0,
          ],
          "className": "show-faves-button",
          "onClick": [Function],
        },
        "ref": null,
        "rendered": Array [
          "View Favorites ",
          0,
        ],
        "type": "button",
      },
    ],
    "type": "div",
  },
  Symbol(enzyme.__nodes__): Array [
    Object {
      "instance": null,
      "key": undefined,
      "nodeType": "host",
      "props": Object {
        "children": Array [
          <img
            alt="Star Wars Logo"
            height="100"
            src="http://1000logos.net/wp-content/uploads/2017/06/Star-Wars-symbol.jpg"
            width="250"
/>,
          <button
            className="show-faves-button"
            onClick={[Function]}
>
            View Favorites 
            0
</button>,
        ],
        "className": "header",
      },
      "ref": null,
      "rendered": Array [
        Object {
          "instance": null,
          "key": undefined,
          "nodeType": "host",
          "props": Object {
            "alt": "Star Wars Logo",
            "height": "100",
            "src": "http://1000logos.net/wp-content/uploads/2017/06/Star-Wars-symbol.jpg",
            "width": "250",
          },
          "ref": null,
          "rendered": null,
          "type": "img",
        },
        Object {
          "instance": null,
          "key": undefined,
          "nodeType": "host",
          "props": Object {
            "children": Array [
              "View Favorites ",
              0,
            ],
            "className": "show-faves-button",
            "onClick": [Function],
          },
          "ref": null,
          "rendered": Array [
            "View Favorites ",
            0,
          ],
          "type": "button",
        },
      ],
      "type": "div",
    },
  ],
  Symbol(enzyme.__options__): Object {
    "adapter": ReactSixteenAdapter {
      "options": Object {
        "enableComponentDidUpdateOnSetState": true,
      },
    },
  },
}
`;
